../Core/Src/hc05_driver.c:26:18:BT_Init	16	static
../Core/Src/hc05_driver.c:41:18:BT_SendJSON	2072	static
../Core/Src/hc05_driver.c:68:18:BT_SendRaw	16	static
../Core/Src/hc05_driver.c:75:6:BT_ErrorHandler	8	static
../Core/Src/hc05_driver.c:92:6:BT_IsCommandReceived	4	static
../Core/Src/hc05_driver.c:97:6:BT_ClearCommandFlag	4	static
../Core/Src/hc05_driver.c:103:18:BT_ReceiveCommand	24	static
../Core/Src/hc05_driver.c:119:6:BT_UpdateTelemetryData	16	static
../Core/Src/hc05_driver.c:128:6:BT_GenerateJSONString	448	static
../Core/Src/hc05_driver.c:213:6:BT_ShouldBlinkLED	4	static
../Core/Src/hc05_driver.c:218:6:HAL_UART_RxCpltCallback	16	static
../Core/Src/hc05_driver.c:258:6:HAL_UART_ErrorCallback	32	static
