../Core/Src/COMMS_main.c:167:5:_write	24	static
../Core/Src/COMMS_main.c:177:5:main	72	static
../Core/Src/COMMS_main.c:251:6:SystemClock_Config	88	static
../Core/Src/COMMS_main.c:289:13:MX_USART1_UART_Init	8	static
../Core/Src/COMMS_main.c:322:13:MX_USART2_UART_Init	8	static
../Core/Src/COMMS_main.c:355:13:MX_USART3_UART_Init	8	static
../Core/Src/COMMS_main.c:386:13:MX_DMA_Init	16	static
../Core/Src/COMMS_main.c:407:13:MX_GPIO_Init	40	static
../Core/Src/COMMS_main.c:455:6:ADCS_UART_ReceiveHandler	16	static
../Core/Src/COMMS_main.c:485:9:CalculateChecksum	24	static
../Core/Src/COMMS_main.c:497:6:ValidatePacket	24	static
../Core/Src/COMMS_main.c:524:6:ProcessSensorPacket	48	static
../Core/Src/COMMS_main.c:560:6:UpdateTelemetryFromSensors	24	static
../Core/Src/COMMS_main.c:587:6:ProcessReceivedCommand	24	static
../Core/Src/COMMS_main.c:601:6:ExecuteCommand	24	static
../Core/Src/COMMS_main.c:622:6:UpdateSystemStatus	16	static
../Core/Src/COMMS_main.c:639:13:MX_TIM2_Init	32	static
../Core/Src/COMMS_main.c:682:6:Error_Handler	8	static,ignoring_inline_asm
