../Core/Src/hc05_driver.c:37:13:QueueCommand	24	static
../Core/Src/hc05_driver.c:49:13:DequeueCommand	16	static
../Core/Src/hc05_driver.c:60:18:BT_Init	16	static
../Core/Src/hc05_driver.c:79:18:BT_SendJSON	24	static
../Core/Src/hc05_driver.c:119:18:BT_SendRaw	24	static
../Core/Src/hc05_driver.c:137:23:BT_GetCommunicationState	4	static
../Core/Src/hc05_driver.c:141:6:BT_ErrorHandler	8	static
../Core/Src/hc05_driver.c:161:6:BT_IsCommandReceived	4	static
../Core/Src/hc05_driver.c:166:6:BT_ClearCommandFlag	4	static
../Core/Src/hc05_driver.c:172:18:BT_ReceiveCommand	24	static
../Core/Src/hc05_driver.c:211:6:BT_UpdateTelemetryData	16	static
../Core/Src/hc05_driver.c:225:6:BT_GenerateJSONString	448	static
../Core/Src/hc05_driver.c:297:6:BT_ShouldBlinkLED	4	static
../Core/Src/hc05_driver.c:302:6:HAL_UART_TxCpltCallback	16	static
../Core/Src/hc05_driver.c:318:6:HAL_UART_RxCpltCallback	80	static
../Core/Src/hc05_driver.c:372:6:HAL_UART_ErrorCallback	32	static
