../Core/Src/stm32f1xx_it.c:71:6:NMI_Handler	8	static
../Core/Src/stm32f1xx_it.c:90:6:HardFault_Handler	8	static
../Core/Src/stm32f1xx_it.c:108:6:MemManage_Handler	8	static
../Core/Src/stm32f1xx_it.c:126:6:BusFault_Handler	4	static
../Core/Src/stm32f1xx_it.c:141:6:UsageFault_Handler	4	static
../Core/Src/stm32f1xx_it.c:156:6:SVC_Handler	4	static
../Core/Src/stm32f1xx_it.c:169:6:DebugMon_Handler	4	static
../Core/Src/stm32f1xx_it.c:182:6:PendSV_Handler	4	static
../Core/Src/stm32f1xx_it.c:195:6:SysTick_Handler	8	static
../Core/Src/stm32f1xx_it.c:216:6:DMA1_Channel2_IRQHandler	8	static
../Core/Src/stm32f1xx_it.c:230:6:DMA1_Channel3_IRQHandler	8	static
../Core/Src/stm32f1xx_it.c:244:6:USART3_IRQHandler	8	static
