../Core/Src/main.c:115:6:HAL_UART_RxCpltCallback	0	static
../Core/Src/main.c:215:6:SystemClock_Config	96	static,ignoring_inline_asm
../Core/Src/main.c:561:6:UART_Print	16	static
../Core/Src/main.c:520:6:TestMotorA	72	static
../Core/Src/main.c:567:6:UART_PrintFloat	80	static
../Core/Src/main.c:573:6:UART_PrintLDRs	88	static
../Core/Src/main.c:580:6:UART_PrintGPSData	168	static
../Core/Src/main.c:601:6:ReadAllSensors	16	static
../Core/Src/main.c:623:6:CalculateOrientation	32	static
../Core/Src/main.c:631:6:SetMPUOrigin	16	static
../Core/Src/main.c:640:6:HasMovedFromOrigin	40	static
../Core/Src/main.c:547:6:SimpleMotorControl	16	static
../Core/Src/main.c:687:6:UART_PrintMPUData	200	static
../Core/Src/main.c:126:5:main	56	static,ignoring_inline_asm
../Core/Src/main.c:711:19:DetectMovementDirection	32	static
../Core/Src/main.c:736:6:ActivateMotorReaction	16	static
../Core/Src/main.c:816:6:HAL_TIM_PeriodElapsedCallback	0	static
../Core/Src/main.c:833:6:Error_Handler	0	static,ignoring_inline_asm
